// Vitest Snapshot v1, https://vitest.dev/guide/snapshot.html

exports[`utils/jobs > determineJobSetupDetails > handles story card "no_jobs" mode with priming 1`] = `
<React.Fragment>
  <p>
    <strong>
      No Starting Jobs are dealt.
    </strong>
  </p>
  <p
    className="mt-2"
  >
    Instead, 
    <strong>
      prime the Contact Decks
    </strong>
    :
  </p>
  <ul
    className="list-disc ml-5 mt-1 text-sm"
  >
    <li>
      Reveal the top 
      <strong>
        3 cards
      </strong>
       of each Contact Deck.
    </li>
    <li>
      Place the revealed Job Cards in their discard piles.
    </li>
  </ul>
</React.Fragment>
`;
